// Jest Snapshot v1, https://goo.gl/fbAQLP

exports[`schema creator generates correct schema fields for document 1`] = `
Object {
  "fields": Array [
    Object {
      "name": "name",
      "title": "Name",
      "type": "string",
      "validation": [Function],
    },
    Object {
      "name": "postcode",
      "title": "Postcode",
      "type": "string",
      "validation": [Function],
    },
    Object {
      "name": "cost",
      "title": "Cost",
      "type": "number",
    },
    Object {
      "name": "picture",
      "title": "Picture",
      "type": "image",
    },
    Object {
      "name": "description",
      "rows": 2,
      "title": "Description",
      "type": "text",
      "validation": [Function],
    },
  ],
  "name": "typeOfDocument",
  "title": "Type Of Document",
  "type": "document",
}
`;

exports[`schema creator generates correct schema fields when fields are defined 1`] = `
Array [
  Object {
    "name": "field1",
    "title": "Field1",
    "type": "string",
  },
]
`;
